#-----------------------------------------------------------
# Vivado v2023.2 (64-bit)
# SW Build 4029153 on Fri Oct 13 20:14:34 MDT 2023
# IP Build 4028589 on Sat Oct 14 00:45:43 MDT 2023
# SharedData Build 4025554 on Tue Oct 10 17:18:54 MDT 2023
# Start of session at: Mon May 26 23:19:45 2025
# Process ID: 3376
# Current directory: C:/Users/Samet AKIN/vivadoproje/ADC
# Command line: vivado.exe -gui_launcher_event rodinguilauncherevent11708 C:\Users\Samet AKIN\vivadoproje\ADC\ADC.xpr
# Log file: C:/Users/Samet AKIN/vivadoproje/ADC/vivado.log
# Journal file: C:/Users/Samet AKIN/vivadoproje/ADC\vivado.jou
# Running On: DESKTOP-5L4I2AI, OS: Windows, CPU Frequency: 2496 MHz, CPU Physical cores: 4, Host memory: 8419 MB
#-----------------------------------------------------------
start_gui
open_project {C:/Users/Samet AKIN/vivadoproje/ADC/ADC.xpr}
update_compile_order -fileset sources_1
launch_simulation
source tb.tcl
run 20 ms
relaunch_sim
run 20 ms
relaunch_sim
run 20 ms
synth_design -top digital_top -part xc7a100tcsg324-1 -lint 
synth_design -rtl -rtl_skip_mlo -name rtl_1
set_property is_enabled false [get_files  {{C:/Users/Samet AKIN/vivadoproje/ADC/ADC.srcs/sim_1/new/adc_model.sv}}]
close_sim
close_design
launch_runs synth_1 -jobs 4
wait_on_run synth_1
open_run synth_1 -name synth_1
report_timing_summary -delay_type min_max -report_unconstrained -check_timing_verbose -max_paths 10 -input_pins -routable_nets -name timing_1
report_utilization -name utilization_1
